(node:23928) Warning: `--localstorage-file` was provided without a valid path
(Use `node --trace-warnings ...` to show where the warning was created)
[31m[Nest] 23928  - [39m04/03/2026, 6:56:57 PM [31m  ERROR[39m [38;5;3m[SupportService] [39m[31mBug reporting misconfigured: missing GitHub credentials[39m
[31m[Nest] 23928  - [39m04/03/2026, 6:56:59 PM [31m  ERROR[39m [38;5;3m[TypeOrmModule] [39m[31mUnable to connect to the database. Retrying (1)...[39m
Error: getaddrinfo ENOTFOUND db
    at GetAddrInfoReqWrap.onlookupall [as oncomplete] (node:dns:121:26)
[31m[Nest] 23928  - [39m04/03/2026, 6:57:05 PM [31m  ERROR[39m [38;5;3m[TypeOrmModule] [39m[31mUnable to connect to the database. Retrying (2)...[39m
Error: getaddrinfo ENOTFOUND db
    at GetAddrInfoReqWrap.onlookupall [as oncomplete] (node:dns:121:26)
[31m[Nest] 23928  - [39m04/03/2026, 6:57:11 PM [31m  ERROR[39m [38;5;3m[TypeOrmModule] [39m[31mUnable to connect to the database. Retrying (3)...[39m
Error: getaddrinfo ENOTFOUND db
    at GetAddrInfoReqWrap.onlookupall [as oncomplete] (node:dns:121:26)
[31m[Nest] 23928  - [39m04/03/2026, 6:57:17 PM [31m  ERROR[39m [38;5;3m[TypeOrmModule] [39m[31mUnable to connect to the database. Retrying (4)...[39m
Error: getaddrinfo ENOTFOUND db
    at GetAddrInfoReqWrap.onlookupall [as oncomplete] (node:dns:121:26)
[31m[Nest] 23928  - [39m04/03/2026, 6:57:22 PM [31m  ERROR[39m [38;5;3m[TypeOrmModule] [39m[31mUnable to connect to the database. Retrying (5)...[39m
Error: getaddrinfo ENOTFOUND db
    at GetAddrInfoReqWrap.onlookupall [as oncomplete] (node:dns:121:26)
[31m[Nest] 23928  - [39m04/03/2026, 6:57:28 PM [31m  ERROR[39m [38;5;3m[TypeOrmModule] [39m[31mUnable to connect to the database. Retrying (6)...[39m
Error: getaddrinfo ENOTFOUND db
    at GetAddrInfoReqWrap.onlookupall [as oncomplete] (node:dns:121:26)
[31m[Nest] 23928  - [39m04/03/2026, 6:57:34 PM [31m  ERROR[39m [38;5;3m[TypeOrmModule] [39m[31mUnable to connect to the database. Retrying (7)...[39m
Error: getaddrinfo ENOTFOUND db
    at GetAddrInfoReqWrap.onlookupall [as oncomplete] (node:dns:121:26)
[31m[Nest] 23928  - [39m04/03/2026, 6:57:40 PM [31m  ERROR[39m [38;5;3m[TypeOrmModule] [39m[31mUnable to connect to the database. Retrying (8)...[39m
Error: getaddrinfo ENOTFOUND db
    at GetAddrInfoReqWrap.onlookupall [as oncomplete] (node:dns:121:26)
[31m[Nest] 23928  - [39m04/03/2026, 6:57:45 PM [31m  ERROR[39m [38;5;3m[TypeOrmModule] [39m[31mUnable to connect to the database. Retrying (9)...[39m
Error: getaddrinfo ENOTFOUND db
    at GetAddrInfoReqWrap.onlookupall [as oncomplete] (node:dns:121:26)
[31m[Nest] 23928  - [39m04/03/2026, 6:57:45 PM [31m  ERROR[39m [38;5;3m[ExceptionHandler] [39mError: getaddrinfo ENOTFOUND db
[90m    at GetAddrInfoReqWrap.onlookupall [as oncomplete] (node:dns:121:26)[39m {
  errno: [33m-3008[39m,
  code: [32m'ENOTFOUND'[39m,
  syscall: [32m'getaddrinfo'[39m,
  hostname: [32m'db'[39m
}
(node:24804) Warning: `--localstorage-file` was provided without a valid path
(Use `node --trace-warnings ...` to show where the warning was created)
[31m[Nest] 24804  - [39m04/03/2026, 7:59:43 PM [31m  ERROR[39m [38;5;3m[SupportService] [39m[31mBug reporting misconfigured: missing GitHub credentials[39m
(node:27488) Warning: `--localstorage-file` was provided without a valid path
(Use `node --trace-warnings ...` to show where the warning was created)
[31m[Nest] 27488  - [39m04/03/2026, 7:59:52 PM [31m  ERROR[39m [38;5;3m[SupportService] [39m[31mBug reporting misconfigured: missing GitHub credentials[39m
[31m[Nest] 27488  - [39m04/03/2026, 7:59:55 PM [31m  ERROR[39m [38;5;3m[TypeOrmModule] [39m[31mUnable to connect to the database. Retrying (1)...[39m
Error: getaddrinfo ENOTFOUND db
    at GetAddrInfoReqWrap.onlookupall [as oncomplete] (node:dns:121:26)
[31m[Nest] 27488  - [39m04/03/2026, 8:00:00 PM [31m  ERROR[39m [38;5;3m[TypeOrmModule] [39m[31mUnable to connect to the database. Retrying (2)...[39m
Error: getaddrinfo ENOTFOUND db
    at GetAddrInfoReqWrap.onlookupall [as oncomplete] (node:dns:121:26)
[31m[Nest] 27488  - [39m04/03/2026, 8:00:06 PM [31m  ERROR[39m [38;5;3m[TypeOrmModule] [39m[31mUnable to connect to the database. Retrying (3)...[39m
Error: getaddrinfo ENOTFOUND db
    at GetAddrInfoReqWrap.onlookupall [as oncomplete] (node:dns:121:26)
[31m[Nest] 27488  - [39m04/03/2026, 8:00:12 PM [31m  ERROR[39m [38;5;3m[TypeOrmModule] [39m[31mUnable to connect to the database. Retrying (4)...[39m
Error: getaddrinfo ENOTFOUND db
    at GetAddrInfoReqWrap.onlookupall [as oncomplete] (node:dns:121:26)
[31m[Nest] 27488  - [39m04/03/2026, 8:00:18 PM [31m  ERROR[39m [38;5;3m[TypeOrmModule] [39m[31mUnable to connect to the database. Retrying (5)...[39m
Error: getaddrinfo ENOTFOUND db
    at GetAddrInfoReqWrap.onlookupall [as oncomplete] (node:dns:121:26)
[31m[Nest] 27488  - [39m04/03/2026, 8:00:23 PM [31m  ERROR[39m [38;5;3m[TypeOrmModule] [39m[31mUnable to connect to the database. Retrying (6)...[39m
Error: getaddrinfo ENOTFOUND db
    at GetAddrInfoReqWrap.onlookupall [as oncomplete] (node:dns:121:26)
[31m[Nest] 27488  - [39m04/03/2026, 8:00:29 PM [31m  ERROR[39m [38;5;3m[TypeOrmModule] [39m[31mUnable to connect to the database. Retrying (7)...[39m
Error: getaddrinfo ENOTFOUND db
    at GetAddrInfoReqWrap.onlookupall [as oncomplete] (node:dns:121:26)
[31m[Nest] 27488  - [39m04/03/2026, 8:00:35 PM [31m  ERROR[39m [38;5;3m[TypeOrmModule] [39m[31mUnable to connect to the database. Retrying (8)...[39m
Error: getaddrinfo ENOTFOUND db
    at GetAddrInfoReqWrap.onlookupall [as oncomplete] (node:dns:121:26)
[31m[Nest] 27488  - [39m04/03/2026, 8:00:40 PM [31m  ERROR[39m [38;5;3m[TypeOrmModule] [39m[31mUnable to connect to the database. Retrying (9)...[39m
Error: getaddrinfo ENOTFOUND db
    at GetAddrInfoReqWrap.onlookupall [as oncomplete] (node:dns:121:26)
[31m[Nest] 27488  - [39m04/03/2026, 8:00:40 PM [31m  ERROR[39m [38;5;3m[ExceptionHandler] [39mError: getaddrinfo ENOTFOUND db
[90m    at GetAddrInfoReqWrap.onlookupall [as oncomplete] (node:dns:121:26)[39m {
  errno: [33m-3008[39m,
  code: [32m'ENOTFOUND'[39m,
  syscall: [32m'getaddrinfo'[39m,
  hostname: [32m'db'[39m
}
(node:19076) Warning: `--localstorage-file` was provided without a valid path
(Use `node --trace-warnings ...` to show where the warning was created)
[31m[Nest] 19076  - [39m04/03/2026, 8:16:06 PM [31m  ERROR[39m [38;5;3m[SupportService] [39m[31mBug reporting misconfigured: missing GitHub credentials[39m
[31m[Nest] 19076  - [39m04/03/2026, 8:16:09 PM [31m  ERROR[39m [38;5;3m[TypeOrmModule] [39m[31mUnable to connect to the database. Retrying (1)...[39m
Error: getaddrinfo ENOTFOUND db
    at GetAddrInfoReqWrap.onlookupall [as oncomplete] (node:dns:121:26)
(node:26444) Warning: `--localstorage-file` was provided without a valid path
(Use `node --trace-warnings ...` to show where the warning was created)
[31m[Nest] 26444  - [39m04/03/2026, 8:16:33 PM [31m  ERROR[39m [38;5;3m[SupportService] [39m[31mBug reporting misconfigured: missing GitHub credentials[39m
[31m[Nest] 26444  - [39m04/03/2026, 8:16:36 PM [31m  ERROR[39m [38;5;3m[TypeOrmModule] [39m[31mUnable to connect to the database. Retrying (1)...[39m
Error: getaddrinfo ENOTFOUND db
    at GetAddrInfoReqWrap.onlookupall [as oncomplete] (node:dns:121:26)
[31m[Nest] 26444  - [39m04/03/2026, 8:16:41 PM [31m  ERROR[39m [38;5;3m[TypeOrmModule] [39m[31mUnable to connect to the database. Retrying (2)...[39m
Error: getaddrinfo ENOTFOUND db
    at GetAddrInfoReqWrap.onlookupall [as oncomplete] (node:dns:121:26)
[31m[Nest] 26444  - [39m04/03/2026, 8:16:47 PM [31m  ERROR[39m [38;5;3m[TypeOrmModule] [39m[31mUnable to connect to the database. Retrying (3)...[39m
Error: getaddrinfo ENOTFOUND db
    at GetAddrInfoReqWrap.onlookupall [as oncomplete] (node:dns:121:26)
[31m[Nest] 26444  - [39m04/03/2026, 8:16:53 PM [31m  ERROR[39m [38;5;3m[TypeOrmModule] [39m[31mUnable to connect to the database. Retrying (4)...[39m
Error: getaddrinfo ENOTFOUND db
    at GetAddrInfoReqWrap.onlookupall [as oncomplete] (node:dns:121:26)
[31m[Nest] 26444  - [39m04/03/2026, 8:16:59 PM [31m  ERROR[39m [38;5;3m[TypeOrmModule] [39m[31mUnable to connect to the database. Retrying (5)...[39m
Error: getaddrinfo ENOTFOUND db
    at GetAddrInfoReqWrap.onlookupall [as oncomplete] (node:dns:121:26)
[31m[Nest] 26444  - [39m04/03/2026, 8:17:05 PM [31m  ERROR[39m [38;5;3m[TypeOrmModule] [39m[31mUnable to connect to the database. Retrying (6)...[39m
Error: getaddrinfo ENOTFOUND db
    at GetAddrInfoReqWrap.onlookupall [as oncomplete] (node:dns:121:26)
[31m[Nest] 26444  - [39m04/03/2026, 8:17:10 PM [31m  ERROR[39m [38;5;3m[TypeOrmModule] [39m[31mUnable to connect to the database. Retrying (7)...[39m
Error: getaddrinfo ENOTFOUND db
    at GetAddrInfoReqWrap.onlookupall [as oncomplete] (node:dns:121:26)
[31m[Nest] 26444  - [39m04/03/2026, 8:17:16 PM [31m  ERROR[39m [38;5;3m[TypeOrmModule] [39m[31mUnable to connect to the database. Retrying (8)...[39m
Error: getaddrinfo ENOTFOUND db
    at GetAddrInfoReqWrap.onlookupall [as oncomplete] (node:dns:121:26)
[31m[Nest] 26444  - [39m04/03/2026, 8:17:22 PM [31m  ERROR[39m [38;5;3m[TypeOrmModule] [39m[31mUnable to connect to the database. Retrying (9)...[39m
Error: getaddrinfo ENOTFOUND db
    at GetAddrInfoReqWrap.onlookupall [as oncomplete] (node:dns:121:26)
[31m[Nest] 26444  - [39m04/03/2026, 8:17:22 PM [31m  ERROR[39m [38;5;3m[ExceptionHandler] [39mError: getaddrinfo ENOTFOUND db
[90m    at GetAddrInfoReqWrap.onlookupall [as oncomplete] (node:dns:121:26)[39m {
  errno: [33m-3008[39m,
  code: [32m'ENOTFOUND'[39m,
  syscall: [32m'getaddrinfo'[39m,
  hostname: [32m'db'[39m
}
node:internal/modules/cjs/loader:1423
  throw err;
  ^

Error: Cannot find module 'C:\dev\ttr_private\apps\api\dist\main'
    at Module._resolveFilename (node:internal/modules/cjs/loader:1420:15)
    at defaultResolveImpl (node:internal/modules/cjs/loader:1058:19)
    at resolveForCJSWithHooks (node:internal/modules/cjs/loader:1063:22)
    at Module._load (node:internal/modules/cjs/loader:1226:37)
    at TracingChannel.traceSync (node:diagnostics_channel:328:14)
    at wrapModuleLoad (node:internal/modules/cjs/loader:245:24)
    at Module.executeUserEntryPoint [as runMain] (node:internal/modules/run_main:154:5)
    at node:internal/main/run_main_module:33:47 {
  code: 'MODULE_NOT_FOUND',
  requireStack: []
}

Node.js v25.2.1
node:internal/modules/cjs/loader:1423
  throw err;
  ^

Error: Cannot find module 'C:\dev\ttr_private\apps\api\dist\main'
    at Module._resolveFilename (node:internal/modules/cjs/loader:1420:15)
    at defaultResolveImpl (node:internal/modules/cjs/loader:1058:19)
    at resolveForCJSWithHooks (node:internal/modules/cjs/loader:1063:22)
    at Module._load (node:internal/modules/cjs/loader:1226:37)
    at TracingChannel.traceSync (node:diagnostics_channel:328:14)
    at wrapModuleLoad (node:internal/modules/cjs/loader:245:24)
    at Module.executeUserEntryPoint [as runMain] (node:internal/modules/run_main:154:5)
    at node:internal/main/run_main_module:33:47 {
  code: 'MODULE_NOT_FOUND',
  requireStack: []
}

Node.js v25.2.1
